// Jest Snapshot v1, https://goo.gl/fbAQLP

exports[`<Card /> renders 1`] = `
<div>
  <div
    class="css-1nuvgh6-Card"
  />
</div>
`;
